Archive member included because of file (symbol)

/usr/local/Cellar/arm-none-eabi-gcc/20150921/bin/../lib/gcc/arm-none-eabi/4.9.3/../../../../arm-none-eabi/lib/armv7-m/libstdc++_nano.a(functexcept.o)
                              ./src/main.o (std::__throw_out_of_range_fmt(char const*, ...))
/usr/local/Cellar/arm-none-eabi-gcc/20150921/bin/../lib/gcc/arm-none-eabi/4.9.3/../../../../arm-none-eabi/lib/armv7-m/libstdc++_nano.a(snprintf_lite.o)
                              /usr/local/Cellar/arm-none-eabi-gcc/20150921/bin/../lib/gcc/arm-none-eabi/4.9.3/../../../../arm-none-eabi/lib/armv7-m/libstdc++_nano.a(functexcept.o) (__gnu_cxx::__snprintf_lite(char*, unsigned int, char const*, std::__va_list))
/usr/local/Cellar/arm-none-eabi-gcc/20150921/bin/../lib/gcc/arm-none-eabi/4.9.3/../../../../arm-none-eabi/lib/armv7-m/libstdc++_nano.a(string-inst.o)
                              ./src/main.o (std::string::_Rep::_S_empty_rep_storage)
/usr/local/Cellar/arm-none-eabi-gcc/20150921/bin/../lib/gcc/arm-none-eabi/4.9.3/../../../../arm-none-eabi/lib/armv7-m/libstdc++_nano.a(del_op.o)
                              /usr/local/Cellar/arm-none-eabi-gcc/20150921/bin/../lib/gcc/arm-none-eabi/4.9.3/../../../../arm-none-eabi/lib/armv7-m/libstdc++_nano.a(string-inst.o) (operator delete(void*))
/usr/local/Cellar/arm-none-eabi-gcc/20150921/bin/../lib/gcc/arm-none-eabi/4.9.3/../../../../arm-none-eabi/lib/armv7-m/libstdc++_nano.a(new_op.o)
                              /usr/local/Cellar/arm-none-eabi-gcc/20150921/bin/../lib/gcc/arm-none-eabi/4.9.3/../../../../arm-none-eabi/lib/armv7-m/libstdc++_nano.a(string-inst.o) (operator new(unsigned int))
/usr/local/Cellar/arm-none-eabi-gcc/20150921/bin/../lib/gcc/arm-none-eabi/4.9.3/../../../../arm-none-eabi/lib/armv7-m/libstdc++_nano.a(locale-inst.o)
                              /usr/local/Cellar/arm-none-eabi-gcc/20150921/bin/../lib/gcc/arm-none-eabi/4.9.3/../../../../arm-none-eabi/lib/armv7-m/libstdc++_nano.a(snprintf_lite.o) (int std::__int_to_char<char, unsigned long long>(char*, unsigned long long, char const*, std::_Ios_Fmtflags, bool))
/usr/local/Cellar/arm-none-eabi-gcc/20150921/bin/../lib/gcc/arm-none-eabi/4.9.3/../../../../arm-none-eabi/lib/armv7-m/libstdc++_nano.a(locale.o)
                              /usr/local/Cellar/arm-none-eabi-gcc/20150921/bin/../lib/gcc/arm-none-eabi/4.9.3/../../../../arm-none-eabi/lib/armv7-m/libstdc++_nano.a(locale-inst.o) (std::locale::facet::~facet())
/usr/local/Cellar/arm-none-eabi-gcc/20150921/bin/../lib/gcc/arm-none-eabi/4.9.3/../../../../arm-none-eabi/lib/armv7-m/libstdc++_nano.a(locale_facets.o)
                              /usr/local/Cellar/arm-none-eabi-gcc/20150921/bin/../lib/gcc/arm-none-eabi/4.9.3/../../../../arm-none-eabi/lib/armv7-m/libstdc++_nano.a(locale-inst.o) (std::__num_base::_S_format_float(std::ios_base const&, char*, char))
/usr/local/Cellar/arm-none-eabi-gcc/20150921/bin/../lib/gcc/arm-none-eabi/4.9.3/../../../../arm-none-eabi/lib/armv7-m/libstdc++_nano.a(messages_members.o)
                              /usr/local/Cellar/arm-none-eabi-gcc/20150921/bin/../lib/gcc/arm-none-eabi/4.9.3/../../../../arm-none-eabi/lib/armv7-m/libstdc++_nano.a(locale-inst.o) (std::messages<char>::do_get(int, int, int, std::string const&) const)
/usr/local/Cellar/arm-none-eabi-gcc/20150921/bin/../lib/gcc/arm-none-eabi/4.9.3/../../../../arm-none-eabi/lib/armv7-m/libstdc++_nano.a(monetary_members.o)
                              /usr/local/Cellar/arm-none-eabi-gcc/20150921/bin/../lib/gcc/arm-none-eabi/4.9.3/../../../../arm-none-eabi/lib/armv7-m/libstdc++_nano.a(locale-inst.o) (std::moneypunct<char, true>::_M_initialize_moneypunct(int*, char const*))
/usr/local/Cellar/arm-none-eabi-gcc/20150921/bin/../lib/gcc/arm-none-eabi/4.9.3/../../../../arm-none-eabi/lib/armv7-m/libstdc++_nano.a(numeric_members.o)
                              /usr/local/Cellar/arm-none-eabi-gcc/20150921/bin/../lib/gcc/arm-none-eabi/4.9.3/../../../../arm-none-eabi/lib/armv7-m/libstdc++_nano.a(locale-inst.o) (std::numpunct<char>::_M_initialize_numpunct(int*))
/usr/local/Cellar/arm-none-eabi-gcc/20150921/bin/../lib/gcc/arm-none-eabi/4.9.3/../../../../arm-none-eabi/lib/armv7-m/libstdc++_nano.a(streambuf-inst.o)
                              /usr/local/Cellar/arm-none-eabi-gcc/20150921/bin/../lib/gcc/arm-none-eabi/4.9.3/../../../../arm-none-eabi/lib/armv7-m/libstdc++_nano.a(locale-inst.o) (std::basic_streambuf<char, std::char_traits<char> >::sbumpc())
/usr/local/Cellar/arm-none-eabi-gcc/20150921/bin/../lib/gcc/arm-none-eabi/4.9.3/../../../../arm-none-eabi/lib/armv7-m/libstdc++_nano.a(streambuf.o)
                              /usr/local/Cellar/arm-none-eabi-gcc/20150921/bin/../lib/gcc/arm-none-eabi/4.9.3/../../../../arm-none-eabi/lib/armv7-m/libstdc++_nano.a(streambuf-inst.o) (int std::__copy_streambufs_eof<char, std::char_traits<char> >(std::basic_streambuf<char, std::char_traits<char> >*, std::basic_streambuf<char, std::char_traits<char> >*, bool&))
[...]
Memory Configuration

Name             Origin             Length             Attributes
RAM              0x0000000020000000 0x0000000000010000 xrw
CCMRAM           0x0000000000000000 0x0000000000000000 xrw
FLASH            0x0000000008000000 0x0000000000080000 xr
FLASHB1          0x0000000000000000 0x0000000000000000 xr
EXTMEMB0         0x0000000000000000 0x0000000000000000 xr
EXTMEMB1         0x0000000000000000 0x0000000000000000 xr
EXTMEMB2         0x0000000000000000 0x0000000000000000 xr
EXTMEMB3         0x0000000000000000 0x0000000000000000 xr
MEMORY_ARRAY     0x0000000000000000 0x0000000000000000 xrw
*default*        0x0000000000000000 0xffffffffffffffff

Linker script and memory map

LOAD ./system/src/stm32f1-stdperiph/misc.o
LOAD ./system/src/stm32f1-stdperiph/stm32f10x_gpio.o
LOAD ./system/src/stm32f1-stdperiph/stm32f10x_rcc.o
LOAD ./system/src/stm32f1-stdperiph/stm32f10x_spi.o
LOAD ./system/src/newlib/_cxx.o
LOAD ./system/src/newlib/_exit.o
LOAD ./system/src/newlib/_sbrk.o
LOAD ./system/src/newlib/_startup.o
LOAD ./system/src/newlib/_syscalls.o
LOAD ./system/src/newlib/assert.o
LOAD ./system/src/diag/Trace.o
LOAD ./system/src/diag/trace_impl.o
LOAD ./system/src/cortexm/_initialize_hardware.o
LOAD ./system/src/cortexm/_reset_hardware.o
LOAD ./system/src/cortexm/exception_handlers.o
LOAD ./system/src/cmsis/system_stm32f10x.o
LOAD ./system/src/cmsis/vectors_stm32f10x.o
LOAD ./src/_write.o
LOAD ./src/main.o
LOAD /usr/local/Cellar/arm-none-eabi-gcc/20150921/bin/../lib/gcc/arm-none-eabi/4.9.3/../../../../arm-none-eabi/lib/armv7-m/libstdc++_nano.a
LOAD /usr/local/Cellar/arm-none-eabi-gcc/20150921/bin/../lib/gcc/arm-none-eabi/4.9.3/../../../../arm-none-eabi/lib/armv7-m/libm.a
START GROUP
LOAD /usr/local/Cellar/arm-none-eabi-gcc/20150921/bin/../lib/gcc/arm-none-eabi/4.9.3/armv7-m/libgcc.a
LOAD /usr/local/Cellar/arm-none-eabi-gcc/20150921/bin/../lib/gcc/arm-none-eabi/4.9.3/../../../../arm-none-eabi/lib/armv7-m/libg_nano.a
LOAD /usr/local/Cellar/arm-none-eabi-gcc/20150921/bin/../lib/gcc/arm-none-eabi/4.9.3/../../../../arm-none-eabi/lib/armv7-m/libc_nano.a
END GROUP
START GROUP
LOAD /usr/local/Cellar/arm-none-eabi-gcc/20150921/bin/../lib/gcc/arm-none-eabi/4.9.3/armv7-m/libgcc.a
LOAD /usr/local/Cellar/arm-none-eabi-gcc/20150921/bin/../lib/gcc/arm-none-eabi/4.9.3/../../../../arm-none-eabi/lib/armv7-m/libc_nano.a
END GROUP
                0x0000000020010000                __stack = (ORIGIN (RAM) + 0x10000)
                0x0000000020010000                _estack = __stack
                0x0000000000000400                __Main_Stack_Size = 0x400
                0x0000000000000400                PROVIDE (_Main_Stack_Size, __Main_Stack_Size)
                0x000000002000fc00                __Main_Stack_Limit = (__stack - __Main_Stack_Size)
                0x000000002000fc00                PROVIDE (_Main_Stack_Limit, __Main_Stack_Limit)
                0x0000000000000100                _Minimum_Stack_Size = 0x100
                0x0000000020000120                PROVIDE (_Heap_Begin, _end_noinit)
                0x000000002000fc00                PROVIDE (_Heap_Limit, (__stack - __Main_Stack_Size))

.isr_vector     0x0000000008000000      0x30a
 FILL mask 0xff
                0x0000000008000000                __vectors_start = ABSOLUTE (.)
                0x0000000008000000                __vectors_start__ = ABSOLUTE (.)
 *(.isr_vector)
 .isr_vector    0x0000000008000000      0x1e4 ./system/src/cmsis/vectors_stm32f10x.o
                0x0000000008000000                __isr_vectors
 *(.cfmconfig)
 *(.after_vectors .after_vectors.*)
 .after_vectors
                0x00000000080001e4       0xc0 ./system/src/newlib/_startup.o
                0x00000000080001e4                _start
 .after_vectors
                0x00000000080002a4       0x64 ./system/src/cortexm/exception_handlers.o
                0x00000000080002a4                Reset_Handler
                0x00000000080002a8                NMI_Handler
                0x00000000080002aa                HardFault_Handler
                0x00000000080002be                HardFault_Handler_C
                0x00000000080002c0                MemManage_Handler
                0x00000000080002c2                BusFault_Handler
                0x00000000080002d6                BusFault_Handler_C
                0x00000000080002d8                UsageFault_Handler
                0x00000000080002ec                UsageFault_Handler_C
                0x00000000080002ee                SVC_Handler
                0x00000000080002f0                DebugMon_Handler
                0x00000000080002f2                PendSV_Handler
 .after_vectors
                0x0000000008000308        0x2 ./system/src/cmsis/vectors_stm32f10x.o
                0x0000000008000308                TIM1_BRK_TIM15_IRQHandler
                0x0000000008000308                TIM8_TRG_COM_IRQHandler
                0x0000000008000308                TIM8_CC_IRQHandler
                0x0000000008000308                TIM1_CC_IRQHandler
                0x0000000008000308                TIM6_IRQHandler
                0x0000000008000308                PVD_IRQHandler
                0x0000000008000308                SDIO_IRQHandler
                0x0000000008000308                CAN2_RX1_IRQHandler
                0x0000000008000308                EXTI3_IRQHandler
                0x0000000008000308                TIM8_TRG_COM_TIM14_IRQHandler
                0x0000000008000308                TIM1_UP_TIM10_IRQHandler
                0x0000000008000308                TIM8_UP_TIM13_IRQHandler
                0x0000000008000308                EXTI0_IRQHandler
                0x0000000008000308                I2C2_EV_IRQHandler
                0x0000000008000308                CAN1_RX0_IRQHandler
                0x0000000008000308                TIM1_UP_TIM16_IRQHandler
                0x0000000008000308                CAN2_SCE_IRQHandler
                0x0000000008000308                ADC1_2_IRQHandler
                0x0000000008000308                SPI1_IRQHandler
                0x0000000008000308                TAMPER_IRQHandler
                0x0000000008000308                TIM6_DAC_IRQHandler
                0x0000000008000308                TIM1_BRK_TIM9_IRQHandler
                0x0000000008000308                CAN2_RX0_IRQHandler
                0x0000000008000308                TIM8_UP_IRQHandler
                0x0000000008000308                DMA2_Channel2_IRQHandler
                0x0000000008000308                DMA1_Channel4_IRQHandler
                0x0000000008000308                USART3_IRQHandler
                0x0000000008000308                RTC_IRQHandler
                0x0000000008000308                DMA1_Channel7_IRQHandler
                0x0000000008000308                CAN1_RX1_IRQHandler
                0x0000000008000308                UART5_IRQHandler
                0x0000000008000308                ADC3_IRQHandler
                0x0000000008000308                TIM4_IRQHandler
                0x0000000008000308                DMA2_Channel1_IRQHandler
                0x0000000008000308                I2C1_EV_IRQHandler
                0x0000000008000308                DMA1_Channel6_IRQHandler
                0x0000000008000308                UART4_IRQHandler
                0x0000000008000308                DMA2_Channel4_IRQHandler
                0x0000000008000308                TIM3_IRQHandler
                0x0000000008000308                RCC_IRQHandler
                0x0000000008000308                TIM8_BRK_TIM12_IRQHandler
                0x0000000008000308                TIM1_TRG_COM_IRQHandler
                0x0000000008000308                DMA1_Channel1_IRQHandler
                0x0000000008000308                Default_Handler
                0x0000000008000308                CEC_IRQHandler
                0x0000000008000308                EXTI15_10_IRQHandler
                0x0000000008000308                TIM14_IRQHandler
                0x0000000008000308                TIM13_IRQHandler
                0x0000000008000308                TIM12_IRQHandler
                0x0000000008000308                TIM7_IRQHandler
                0x0000000008000308                CAN2_TX_IRQHandler
                0x0000000008000308                TIM5_IRQHandler
                0x0000000008000308                EXTI9_5_IRQHandler
                0x0000000008000308                ETH_WKUP_IRQHandler
                0x0000000008000308                SPI2_IRQHandler
                0x0000000008000308                CAN1_TX_IRQHandler
                0x0000000008000308                DMA2_Channel5_IRQHandler
                0x0000000008000308                DMA1_Channel5_IRQHandler
                0x0000000008000308                EXTI4_IRQHandler
                0x0000000008000308                USB_LP_CAN1_RX0_IRQHandler
                0x0000000008000308                TIM1_TRG_COM_TIM17_IRQHandler
                0x0000000008000308                USB_HP_CAN1_TX_IRQHandler
                0x0000000008000308                DMA1_Channel3_IRQHandler
                0x0000000008000308                FSMC_IRQHandler
                0x0000000008000308                ETH_IRQHandler
                0x0000000008000308                TIM1_UP_IRQHandler
                0x0000000008000308                WWDG_IRQHandler
                0x0000000008000308                TIM2_IRQHandler
                0x0000000008000308                OTG_FS_WKUP_IRQHandler
                0x0000000008000308                TIM1_TRG_COM_TIM11_IRQHandler
                0x0000000008000308                TIM1_BRK_IRQHandler
                0x0000000008000308                EXTI1_IRQHandler
                0x0000000008000308                RTCAlarm_IRQHandler
                0x0000000008000308                DMA2_Channel4_5_IRQHandler
                0x0000000008000308                USART2_IRQHandler
                0x0000000008000308                I2C2_ER_IRQHandler
                0x0000000008000308                DMA1_Channel2_IRQHandler
                0x0000000008000308                TIM8_BRK_IRQHandler
                0x0000000008000308                CAN1_SCE_IRQHandler
                0x0000000008000308                FLASH_IRQHandler
                0x0000000008000308                USART1_IRQHandler
                0x0000000008000308                OTG_FS_IRQHandler
                0x0000000008000308                SPI3_IRQHandler
                0x0000000008000308                I2C1_ER_IRQHandler
                0x0000000008000308                USBWakeUp_IRQHandler
                0x0000000008000308                DMA2_Channel3_IRQHandler
                0x0000000008000308                EXTI2_IRQHandler

.inits          0x000000000800030c       0x30
                0x000000000800030c                __data_regions_array_start = .
                0x000000000800030c        0x4 LONG 0x8002b40 LOADADDR (.data)
                0x0000000008000310        0x4 LONG 0x20000000 ADDR (.data)
                0x0000000008000314        0x4 LONG 0x20000084 (ADDR (.data) + SIZEOF (.data))
                0x0000000008000318        0x4 LONG 0x8002b40 LOADADDR (.data_CCMRAM)
                0x000000000800031c        0x4 LONG 0x0 ADDR (.data_CCMRAM)
                0x0000000008000320        0x4 LONG 0x0 (ADDR (.data_CCMRAM) + SIZEOF (.data_CCMRAM))
                0x0000000008000324                __data_regions_array_end = .
                0x0000000008000324                __bss_regions_array_start = .
                0x0000000008000324        0x4 LONG 0x20000084 ADDR (.bss)
                0x0000000008000328        0x4 LONG 0x20000120 (ADDR (.bss) + SIZEOF (.bss))
                0x000000000800032c        0x4 LONG 0x0 ADDR (.bss_CCMRAM)
                0x0000000008000330        0x4 LONG 0x0 (ADDR (.bss_CCMRAM) + SIZEOF (.bss_CCMRAM))
                0x0000000008000334                __bss_regions_array_end = .
 *(.init)
 *(.fini)
                0x0000000008000334                . = ALIGN (0x4)
                0x0000000008000334                PROVIDE (__preinit_array_start, .)
 *(.preinit_array_sysinit .preinit_array_sysinit.*)
 *(.preinit_array_platform .preinit_array_platform.*)
 *(.preinit_array .preinit_array.*)
                0x0000000008000334                PROVIDE (__preinit_array_end, .)
                0x0000000008000334                . = ALIGN (0x4)
                0x0000000008000334                PROVIDE (__init_array_start, .)
 *(SORT(.init_array.*))
 *(.init_array)
 .init_array    0x0000000008000334        0x4 /usr/local/Cellar/arm-none-eabi-gcc/20150921/bin/../lib/gcc/arm-none-eabi/4.9.3/../../../../arm-none-eabi/lib/armv7-m/libstdc++_nano.a(locale-inst.o)
 .init_array    0x0000000008000338        0x4 /usr/local/Cellar/arm-none-eabi-gcc/20150921/bin/../lib/gcc/arm-none-eabi/4.9.3/../../../../arm-none-eabi/lib/armv7-m/libstdc++_nano.a(wlocale-inst.o)
                0x000000000800033c                PROVIDE (__init_array_end, .)
                0x000000000800033c                . = ALIGN (0x4)
                0x000000000800033c                PROVIDE (__fini_array_start, .)
 *(SORT(.fini_array.*))
 *(.fini_array)
                0x000000000800033c                PROVIDE (__fini_array_end, .)

.flashtext
 *(.flashtext .flashtext.*)

.text           0x000000000800033c     0x27fc
 *(.text .text.*)
 .text.GPIO_Init
                0x000000000800033c       0x9c ./system/src/stm32f1-stdperiph/stm32f10x_gpio.o
                0x000000000800033c                GPIO_Init
 .text.GPIO_SetBits
                0x00000000080003d8        0x4 ./system/src/stm32f1-stdperiph/stm32f10x_gpio.o
                0x00000000080003d8                GPIO_SetBits
 .text.GPIO_ResetBits
                0x00000000080003dc        0x4 ./system/src/stm32f1-stdperiph/stm32f10x_gpio.o
                0x00000000080003dc                GPIO_ResetBits
 .text.RCC_APB2PeriphClockCmd
                0x00000000080003e0       0x18 ./system/src/stm32f1-stdperiph/stm32f10x_rcc.o
                0x00000000080003e0                RCC_APB2PeriphClockCmd
 .text.SPI_Init
                0x00000000080003f8       0x3e ./system/src/stm32f1-stdperiph/stm32f10x_spi.o
                0x00000000080003f8                SPI_Init
 .text.SPI_Cmd  0x0000000008000436       0x18 ./system/src/stm32f1-stdperiph/stm32f10x_spi.o
                0x0000000008000436                SPI_Cmd
 .text._exit    0x000000000800044e        0x6 ./system/src/newlib/_exit.o
                0x000000000800044e                _exit
 .text.abort    0x0000000008000454        0x8 ./system/src/newlib/_exit.o
                0x0000000008000454                abort
 .text._sbrk    0x000000000800045c       0x40 ./system/src/newlib/_sbrk.o
                0x000000000800045c                _sbrk
 .text.__initialize_args
                0x000000000800049c       0x10 ./system/src/newlib/_syscalls.o
                0x000000000800049c                __initialize_args
 .text.__initialize_hardware_early
                0x00000000080004ac       0x18 ./system/src/cortexm/_initialize_hardware.o
                0x00000000080004ac                __initialize_hardware_early
 .text.__initialize_hardware
                0x00000000080004c4        0x4 ./system/src/cortexm/_initialize_hardware.o
                0x00000000080004c4                __initialize_hardware
 .text.__reset_hardware
                0x00000000080004c8       0x24 ./system/src/cortexm/_reset_hardware.o
                0x00000000080004c8                __reset_hardware
 .text.SystemInit
                0x00000000080004ec       0xf4 ./system/src/cmsis/system_stm32f10x.o
                0x00000000080004ec                SystemInit
 .text.SystemCoreClockUpdate
                0x00000000080005e0       0x5c ./system/src/cmsis/system_stm32f10x.o
                0x00000000080005e0                SystemCoreClockUpdate
 .text.SysTick_Handler
                0x000000000800063c       0x10 ./src/main.o
                0x000000000800063c                SysTick_Handler
 .text._Z9init_pinsv
                0x000000000800064c       0x48 ./src/main.o
                0x000000000800064c                init_pins()
 .text._Z8init_spiv
                0x0000000008000694       0x54 ./src/main.o
                0x0000000008000694                init_spi()
 .text._Z13ft800cmdWriteh
                0x00000000080006e8       0x8c ./src/main.o
                0x00000000080006e8                ft800cmdWrite(unsigned char)
 .text._Z14ft800memWrite8mh
                0x0000000008000774       0x84 ./src/main.o
                0x0000000008000774                ft800memWrite8(unsigned long, unsigned char)
 .text._Z15ft800memWrite16mj
                0x00000000080007f8       0x98 ./src/main.o
                0x00000000080007f8                ft800memWrite16(unsigned long, unsigned int)
 .text._Z15ft800memWrite32mj
                0x0000000008000890       0xa4 ./src/main.o
                0x0000000008000890                ft800memWrite32(unsigned long, unsigned int)
 .text._Z7FTprintttSst.constprop.6
                0x0000000008000934      0x138 ./src/main.o
 .text._Z13ft800memRead8m
                0x0000000008000a6c       0xa8 ./src/main.o
                0x0000000008000a6c                ft800memRead8(unsigned long)
 .text._Z11initDisplayv
                0x0000000008000b14      0x590 ./src/main.o
                0x0000000008000b14                initDisplay()
 .text._Z8Delay_msm
                0x00000000080010a4       0x40 ./src/main.o
                0x00000000080010a4                Delay_ms(unsigned long)
 .text.startup.main
                0x00000000080010e4      0x990 ./src/main.o
                0x00000000080010e4                main
 .text._ZSt19__throw_logic_errorPKc
                0x0000000008001a74        0x6 /usr/local/Cellar/arm-none-eabi-gcc/20150921/bin/../lib/gcc/arm-none-eabi/4.9.3/../../../../arm-none-eabi/lib/armv7-m/libstdc++_nano.a(functexcept.o)
                0x0000000008001a74                std::__throw_logic_error(char const*)
 .text._ZSt20__throw_length_errorPKc
                0x0000000008001a7a        0x6 /usr/local/Cellar/arm-none-eabi-gcc/20150921/bin/../lib/gcc/arm-none-eabi/4.9.3/../../../../arm-none-eabi/lib/armv7-m/libstdc++_nano.a(functexcept.o)
                0x0000000008001a7a                std::__throw_length_error(char const*)
 .text._ZSt24__throw_out_of_range_fmtPKcz
                0x0000000008001a80       0x38 /usr/local/Cellar/arm-none-eabi-gcc/20150921/bin/../lib/gcc/arm-none-eabi/4.9.3/../../../../arm-none-eabi/lib/armv7-m/libstdc++_nano.a(functexcept.o)
                0x0000000008001a80                std::__throw_out_of_range_fmt(char const*, ...)
 .text._ZN9__gnu_cxx26__throw_insufficient_spaceEPKcS1_
                0x0000000008001ab8       0x4c /usr/local/Cellar/arm-none-eabi-gcc/20150921/bin/../lib/gcc/arm-none-eabi/4.9.3/../../../../arm-none-eabi/lib/armv7-m/libstdc++_nano.a(snprintf_lite.o)
                0x0000000008001ab8                __gnu_cxx::__throw_insufficient_space(char const*, char const*)
 .text._ZN9__gnu_cxx15__concat_size_tEPcjj
                0x0000000008001b04       0x4c /usr/local/Cellar/arm-none-eabi-gcc/20150921/bin/../lib/gcc/arm-none-eabi/4.9.3/../../../../arm-none-eabi/lib/armv7-m/libstdc++_nano.a(snprintf_lite.o)
                0x0000000008001b04                __gnu_cxx::__concat_size_t(char*, unsigned int, unsigned int)
 .text._ZN9__gnu_cxx15__snprintf_liteEPcjPKcSt9__va_list
                0x0000000008001b50       0x84 /usr/local/Cellar/arm-none-eabi-gcc/20150921/bin/../lib/gcc/arm-none-eabi/4.9.3/../../../../arm-none-eabi/lib/armv7-m/libstdc++_nano.a(snprintf_lite.o)
                0x0000000008001b50                __gnu_cxx::__snprintf_lite(char*, unsigned int, char const*, std::__va_list)
 .text._ZNSs7_M_copyEPcPKcj
                0x0000000008001bd4       0x14 /usr/local/Cellar/arm-none-eabi-gcc/20150921/bin/../lib/gcc/arm-none-eabi/4.9.3/../../../../arm-none-eabi/lib/armv7-m/libstdc++_nano.a(string-inst.o)
                0x0000000008001bd4                std::string::_M_copy(char*, char const*, unsigned int)
 .text._ZNSs7_M_moveEPcPKcj
                0x0000000008001be8       0x14 /usr/local/Cellar/arm-none-eabi-gcc/20150921/bin/../lib/gcc/arm-none-eabi/4.9.3/../../../../arm-none-eabi/lib/armv7-m/libstdc++_nano.a(string-inst.o)
                0x0000000008001be8                std::string::_M_move(char*, char const*, unsigned int)
 .text._ZNSs13_S_copy_charsEPcPKcS1_
                0x0000000008001bfc        0xa /usr/local/Cellar/arm-none-eabi-gcc/20150921/bin/../lib/gcc/arm-none-eabi/4.9.3/../../../../arm-none-eabi/lib/armv7-m/libstdc++_nano.a(string-inst.o)
                0x0000000008001bfc                std::string::_S_copy_chars(char*, char const*, char const*)
 *fill*         0x0000000008001c06        0x2 
 .text._ZNSs4_Rep26_M_set_length_and_sharableEj
                0x0000000008001c08       0x18 /usr/local/Cellar/arm-none-eabi-gcc/20150921/bin/../lib/gcc/arm-none-eabi/4.9.3/../../../../arm-none-eabi/lib/armv7-m/libstdc++_nano.a(string-inst.o)
                0x0000000008001c08                std::string::_Rep::_M_set_length_and_sharable(unsigned int)
 .text._ZNSs4_Rep9_S_createEjjRKSaIcE
                0x0000000008001c20       0x58 /usr/local/Cellar/arm-none-eabi-gcc/20150921/bin/../lib/gcc/arm-none-eabi/4.9.3/../../../../arm-none-eabi/lib/armv7-m/libstdc++_nano.a(string-inst.o)
                0x0000000008001c20                std::string::_Rep::_S_create(unsigned int, unsigned int, std::allocator<char> const&)
 .text._ZNSs4_Rep10_M_disposeERKSaIcE
                0x0000000008001c78       0x1c /usr/local/Cellar/arm-none-eabi-gcc/20150921/bin/../lib/gcc/arm-none-eabi/4.9.3/../../../../arm-none-eabi/lib/armv7-m/libstdc++_nano.a(string-inst.o)
                0x0000000008001c78                std::string::_Rep::_M_dispose(std::allocator<char> const&)
 .text._ZNSs9_M_mutateEjjj
                0x0000000008001c94       0x96 /usr/local/Cellar/arm-none-eabi-gcc/20150921/bin/../lib/gcc/arm-none-eabi/4.9.3/../../../../arm-none-eabi/lib/armv7-m/libstdc++_nano.a(string-inst.o)
                0x0000000008001c94                std::string::_M_mutate(unsigned int, unsigned int, unsigned int)
 *fill*         0x0000000008001d2a        0x2 
 .text._ZNSs12_M_leak_hardEv
                0x0000000008001d2c       0x30 /usr/local/Cellar/arm-none-eabi-gcc/20150921/bin/../lib/gcc/arm-none-eabi/4.9.3/../../../../arm-none-eabi/lib/armv7-m/libstdc++_nano.a(string-inst.o)
                0x0000000008001d2c                std::string::_M_leak_hard()
 .text._ZNSs4_Rep10_M_destroyERKSaIcE
                0x0000000008001d5c        0x4 /usr/local/Cellar/arm-none-eabi-gcc/20150921/bin/../lib/gcc/arm-none-eabi/4.9.3/../../../../arm-none-eabi/lib/armv7-m/libstdc++_nano.a(string-inst.o)
                0x0000000008001d5c                std::string::_Rep::_M_destroy(std::allocator<char> const&)
 .text._ZNSs12_S_constructIPKcEEPcT_S3_RKSaIcESt20forward_iterator_tag
                0x0000000008001d60       0x4c /usr/local/Cellar/arm-none-eabi-gcc/20150921/bin/../lib/gcc/arm-none-eabi/4.9.3/../../../../arm-none-eabi/lib/armv7-m/libstdc++_nano.a(string-inst.o)
                0x0000000008001d60                char* std::string::_S_construct<char const*>(char const*, char const*, std::allocator<char> const&, std::forward_iterator_tag)
 .text._ZNSsC2EPKcRKSaIcE
                0x0000000008001dac       0x2a /usr/local/Cellar/arm-none-eabi-gcc/20150921/bin/../lib/gcc/arm-none-eabi/4.9.3/../../../../arm-none-eabi/lib/armv7-m/libstdc++_nano.a(string-inst.o)
                0x0000000008001dac                std::basic_string<char, std::char_traits<char>, std::allocator<char> >::basic_string(char const*, std::allocator<char> const&)
                0x0000000008001dac                std::basic_string<char, std::char_traits<char>, std::allocator<char> >::basic_string(char const*, std::allocator<char> const&)
 .text._ZdlPv   0x0000000008001dd6        0x4 /usr/local/Cellar/arm-none-eabi-gcc/20150921/bin/../lib/gcc/arm-none-eabi/4.9.3/../../../../arm-none-eabi/lib/armv7-m/libstdc++_nano.a(del_op.o)
                0x0000000008001dd6                operator delete(void*)
 .text._Znwj    0x0000000008001dda       0x22 /usr/local/Cellar/arm-none-eabi-gcc/20150921/bin/../lib/gcc/arm-none-eabi/4.9.3/../../../../arm-none-eabi/lib/armv7-m/libstdc++_nano.a(new_op.o)
                0x0000000008001dda                operator new(unsigned int)
 .text._ZSt13__int_to_charIcyEiPT_T0_PKS0_St13_Ios_Fmtflagsb
                0x0000000008001dfc       0xa0 /usr/local/Cellar/arm-none-eabi-gcc/20150921/bin/../lib/gcc/arm-none-eabi/4.9.3/../../../../arm-none-eabi/lib/armv7-m/libstdc++_nano.a(locale-inst.o)
                0x0000000008001dfc                int std::__int_to_char<char, unsigned long long>(char*, unsigned long long, char const*, std::_Ios_Fmtflags, bool)
 .text.startup._GLOBAL__sub_I__ZTSSt21__ctype_abstract_baseIcE
                0x0000000008001e9c       0xc4 /usr/local/Cellar/arm-none-eabi-gcc/20150921/bin/../lib/gcc/arm-none-eabi/4.9.3/../../../../arm-none-eabi/lib/armv7-m/libstdc++_nano.a(locale-inst.o)
 .text.startup._GLOBAL__sub_I__ZTSSt16__numpunct_cacheIwE
                0x0000000008001f60       0xc4 /usr/local/Cellar/arm-none-eabi-gcc/20150921/bin/../lib/gcc/arm-none-eabi/4.9.3/../../../../arm-none-eabi/lib/armv7-m/libstdc++_nano.a(wlocale-inst.o)
 .text._ZSt15get_new_handlerv
                0x0000000008002024       0x10 /usr/local/Cellar/arm-none-eabi-gcc/20150921/bin/../lib/gcc/arm-none-eabi/4.9.3/../../../../arm-none-eabi/lib/armv7-m/libstdc++_nano.a(new_handler.o)
                0x0000000008002024                std::get_new_handler()
 .text          0x0000000008002034       0x30 /usr/local/Cellar/arm-none-eabi-gcc/20150921/bin/../lib/gcc/arm-none-eabi/4.9.3/armv7-m/libgcc.a(_aeabi_uldivmod.o)
                0x0000000008002034                __aeabi_uldivmod
 .text          0x0000000008002064       0x60 /usr/local/Cellar/arm-none-eabi-gcc/20150921/bin/../lib/gcc/arm-none-eabi/4.9.3/armv7-m/libgcc.a(bpabi.o)
                0x0000000008002064                __gnu_ldivmod_helper
                0x0000000008002094                __gnu_uldivmod_helper
 .text          0x00000000080020c4        0x4 /usr/local/Cellar/arm-none-eabi-gcc/20150921/bin/../lib/gcc/arm-none-eabi/4.9.3/armv7-m/libgcc.a(_dvmd_tls.o)
                0x00000000080020c4                __aeabi_ldiv0
                0x00000000080020c4                __aeabi_idiv0
 .text          0x00000000080020c8      0x2ac /usr/local/Cellar/arm-none-eabi-gcc/20150921/bin/../lib/gcc/arm-none-eabi/4.9.3/armv7-m/libgcc.a(_divdi3.o)
                0x00000000080020c8                __divdi3
 .text          0x0000000008002374      0x270 /usr/local/Cellar/arm-none-eabi-gcc/20150921/bin/../lib/gcc/arm-none-eabi/4.9.3/armv7-m/libgcc.a(_udivdi3.o)
                0x0000000008002374                __udivdi3
 .text.__errno  0x00000000080025e4        0xc /usr/local/Cellar/arm-none-eabi-gcc/20150921/bin/../lib/gcc/arm-none-eabi/4.9.3/../../../../arm-none-eabi/lib/armv7-m/libg_nano.a(lib_a-errno.o)
                0x00000000080025e4                __errno
 .text.malloc   0x00000000080025f0       0x10 /usr/local/Cellar/arm-none-eabi-gcc/20150921/bin/../lib/gcc/arm-none-eabi/4.9.3/../../../../arm-none-eabi/lib/armv7-m/libg_nano.a(lib_a-malloc.o)
                0x00000000080025f0                malloc
 .text.free     0x0000000008002600       0x10 /usr/local/Cellar/arm-none-eabi-gcc/20150921/bin/../lib/gcc/arm-none-eabi/4.9.3/../../../../arm-none-eabi/lib/armv7-m/libg_nano.a(lib_a-malloc.o)
                0x0000000008002600                free
 .text.memcpy   0x0000000008002610       0x16 /usr/local/Cellar/arm-none-eabi-gcc/20150921/bin/../lib/gcc/arm-none-eabi/4.9.3/../../../../arm-none-eabi/lib/armv7-m/libg_nano.a(lib_a-memcpy.o)
                0x0000000008002610                memcpy
 .text.memmove  0x0000000008002626       0x36 /usr/local/Cellar/arm-none-eabi-gcc/20150921/bin/../lib/gcc/arm-none-eabi/4.9.3/../../../../arm-none-eabi/lib/armv7-m/libg_nano.a(lib_a-memmove.o)
                0x0000000008002626                memmove
 .text._free_r  0x000000000800265c       0x88 /usr/local/Cellar/arm-none-eabi-gcc/20150921/bin/../lib/gcc/arm-none-eabi/4.9.3/../../../../arm-none-eabi/lib/armv7-m/libg_nano.a(lib_a-nano-freer.o)
                0x000000000800265c                _free_r
 .text._malloc_r
                0x00000000080026e4       0xac /usr/local/Cellar/arm-none-eabi-gcc/20150921/bin/../lib/gcc/arm-none-eabi/4.9.3/../../../../arm-none-eabi/lib/armv7-m/libg_nano.a(lib_a-nano-mallocr.o)
                0x00000000080026e4                _malloc_r
 .text._sbrk_r  0x0000000008002790       0x20 /usr/local/Cellar/arm-none-eabi-gcc/20150921/bin/../lib/gcc/arm-none-eabi/4.9.3/../../../../arm-none-eabi/lib/armv7-m/libg_nano.a(lib_a-sbrkr.o)
                0x0000000008002790                _sbrk_r
 .text.strlen   0x00000000080027b0       0x10 /usr/local/Cellar/arm-none-eabi-gcc/20150921/bin/../lib/gcc/arm-none-eabi/4.9.3/../../../../arm-none-eabi/lib/armv7-m/libg_nano.a(lib_a-strlen.o)
                0x00000000080027b0                strlen
 *(.rodata .rodata.* .constdata .constdata.*)
 .rodata.str1.4
                0x00000000080027c0       0x78 ./src/main.o
                                         0x76 (size before relaxing)
 .rodata.str1.1
                0x0000000008002838       0x6c /usr/local/Cellar/arm-none-eabi-gcc/20150921/bin/../lib/gcc/arm-none-eabi/4.9.3/../../../../arm-none-eabi/lib/armv7-m/libstdc++_nano.a(snprintf_lite.o)
 .rodata.str1.1
                0x00000000080028a4      0x1b1 /usr/local/Cellar/arm-none-eabi-gcc/20150921/bin/../lib/gcc/arm-none-eabi/4.9.3/../../../../arm-none-eabi/lib/armv7-m/libstdc++_nano.a(string-inst.o)
 .rodata.str1.1
                0x0000000008002a55       0x81 /usr/local/Cellar/arm-none-eabi-gcc/20150921/bin/../lib/gcc/arm-none-eabi/4.9.3/../../../../arm-none-eabi/lib/armv7-m/libstdc++_nano.a(locale_facets.o)
 .rodata.str1.1
                0x0000000008002ad6        0x2 /usr/local/Cellar/arm-none-eabi-gcc/20150921/bin/../lib/gcc/arm-none-eabi/4.9.3/../../../../arm-none-eabi/lib/armv7-m/libg_nano.a(lib_a-impure.o)
 .rodata.__sf_fake_stdin
                0x0000000008002ad8       0x20 /usr/local/Cellar/arm-none-eabi-gcc/20150921/bin/../lib/gcc/arm-none-eabi/4.9.3/../../../../arm-none-eabi/lib/armv7-m/libg_nano.a(lib_a-findfp.o)
                0x0000000008002ad8                __sf_fake_stdin
 .rodata.__sf_fake_stdout
                0x0000000008002af8       0x20 /usr/local/Cellar/arm-none-eabi-gcc/20150921/bin/../lib/gcc/arm-none-eabi/4.9.3/../../../../arm-none-eabi/lib/armv7-m/libg_nano.a(lib_a-findfp.o)
                0x0000000008002af8                __sf_fake_stdout
 .rodata.__sf_fake_stderr
                0x0000000008002b18       0x20 /usr/local/Cellar/arm-none-eabi-gcc/20150921/bin/../lib/gcc/arm-none-eabi/4.9.3/../../../../arm-none-eabi/lib/armv7-m/libg_nano.a(lib_a-findfp.o)
                0x0000000008002b18                __sf_fake_stderr
 *(vtable)
 *(.eh_frame*)
 .eh_frame      0x0000000008002b38        0x0 /usr/local/Cellar/arm-none-eabi-gcc/20150921/bin/../lib/gcc/arm-none-eabi/4.9.3/../../../../arm-none-eabi/lib/armv7-m/libg_nano.a(lib_a-strcmp.o)
                                         0x28 (size before relaxing)
 *(.glue_7)
 .glue_7        0x0000000000000000        0x0 linker stubs
 *(.glue_7t)
 .glue_7t       0x0000000000000000        0x0 linker stubs

.vfp11_veneer   0x0000000008002b38        0x0
 .vfp11_veneer  0x0000000000000000        0x0 linker stubs

.v4_bx          0x0000000008002b38        0x0
 .v4_bx         0x0000000000000000        0x0 linker stubs

.iplt           0x0000000008002b38        0x0
 .iplt          0x0000000000000000        0x0 ./system/src/stm32f1-stdperiph/misc.o

.ARM.extab
 *(.ARM.extab* .gnu.linkonce.armextab.*)
                0x0000000008002b38                . = ALIGN (0x4)
                0x0000000008002b38                __exidx_start = .

.ARM.exidx      0x0000000008002b38        0x8
 *(.ARM.exidx* .gnu.linkonce.armexidx.*)
 .ARM.exidx     0x0000000008002b38        0x8 /usr/local/Cellar/arm-none-eabi-gcc/20150921/bin/../lib/gcc/arm-none-eabi/4.9.3/armv7-m/libgcc.a(_divdi3.o)
 .ARM.exidx     0x0000000008002b40        0x0 /usr/local/Cellar/arm-none-eabi-gcc/20150921/bin/../lib/gcc/arm-none-eabi/4.9.3/armv7-m/libgcc.a(_udivdi3.o)
                                          0x8 (size before relaxing)
                0x0000000008002b40                __exidx_end = .

.rel.dyn        0x0000000008002b40        0x0
 .rel.iplt      0x0000000000000000        0x0 ./system/src/stm32f1-stdperiph/misc.o
                0x0000000008002b40                . = ALIGN (0x4)
                0x0000000008002b40                _etext = .
                0x0000000008002b40                __etext = .

.data_CCMRAM    0x0000000000000000        0x0 load address 0x0000000008002b40
 FILL mask 0xff
 *(.data.CCMRAM .data.CCMRAM.*)
                0x0000000000000000                . = ALIGN (0x4)
                0x0000000008002b40                _sidata = LOADADDR (.data)

.data           0x0000000020000000       0x84 load address 0x0000000008002b40
 FILL mask 0xff
                0x0000000020000000                _sdata = .
                0x0000000020000000                __data_start__ = .
 *(.data_begin .data_begin.*)
 *(.data .data.*)
 .data.argv.4161
                0x0000000020000000        0x8 ./system/src/newlib/_syscalls.o
 .data.AHBPrescTable
                0x0000000020000008       0x10 ./system/src/cmsis/system_stm32f10x.o
                0x0000000020000008                AHBPrescTable
 .data.SystemCoreClock
                0x0000000020000018        0x4 ./system/src/cmsis/system_stm32f10x.o
                0x0000000020000018                SystemCoreClock
 .data._ZNSt10__num_base12_S_atoms_outE
                0x000000002000001c        0x4 /usr/local/Cellar/arm-none-eabi-gcc/20150921/bin/../lib/gcc/arm-none-eabi/4.9.3/../../../../arm-none-eabi/lib/armv7-m/libstdc++_nano.a(locale_facets.o)
                0x000000002000001c                std::__num_base::_S_atoms_out
 .data.impure_data
                0x0000000020000020       0x60 /usr/local/Cellar/arm-none-eabi-gcc/20150921/bin/../lib/gcc/arm-none-eabi/4.9.3/../../../../arm-none-eabi/lib/armv7-m/libg_nano.a(lib_a-impure.o)
 .data._impure_ptr
                0x0000000020000080        0x4 /usr/local/Cellar/arm-none-eabi-gcc/20150921/bin/../lib/gcc/arm-none-eabi/4.9.3/../../../../arm-none-eabi/lib/armv7-m/libg_nano.a(lib_a-impure.o)
                0x0000000020000080                _impure_ptr
 *(.data_end .data_end.*)
                0x0000000020000084                . = ALIGN (0x4)
                0x0000000020000084                _edata = .
                0x0000000020000084                __data_end__ = .

.igot.plt       0x0000000020000084        0x0 load address 0x0000000008002bc4
 .igot.plt      0x0000000000000000        0x0 ./system/src/stm32f1-stdperiph/misc.o

.bss_CCMRAM     0x0000000000000000        0x0
 *(.bss.CCMRAM .bss.CCMRAM.*)

.bss            0x0000000020000084       0x9c
                0x0000000020000084                __bss_start__ = .
                0x0000000020000084                _sbss = .
 *(.bss_begin .bss_begin.*)
 *(.bss .bss.*)
 .bss.current_heap_end.3862
                0x0000000020000084        0x4 ./system/src/newlib/_sbrk.o
 .bss.name.4160
                0x0000000020000088        0x1 ./system/src/newlib/_syscalls.o
 *fill*         0x0000000020000089        0x3 
 .bss.cmdOffset
                0x000000002000008c        0x4 ./src/main.o
                0x000000002000008c                cmdOffset
 .bss.ft800Gpio
                0x0000000020000090        0x1 ./src/main.o
                0x0000000020000090                ft800Gpio
 *fill*         0x0000000020000091        0x3 
 .bss.cmdBufferRd
                0x0000000020000094        0x4 ./src/main.o
                0x0000000020000094                cmdBufferRd
 .bss.msTick    0x0000000020000098        0x4 ./src/main.o
                0x0000000020000098                msTick
 .bss.cmdBufferWr
                0x000000002000009c        0x4 ./src/main.o
                0x000000002000009c                cmdBufferWr
 .bss._ZNSs4_Rep20_S_empty_rep_storageE
                0x00000000200000a0       0x10 /usr/local/Cellar/arm-none-eabi-gcc/20150921/bin/../lib/gcc/arm-none-eabi/4.9.3/../../../../arm-none-eabi/lib/armv7-m/libstdc++_nano.a(string-inst.o)
                0x00000000200000a0                std::string::_Rep::_S_empty_rep_storage
 .bss._ZGVNSt7collateIcE2idE
                0x00000000200000b0        0x4 /usr/local/Cellar/arm-none-eabi-gcc/20150921/bin/../lib/gcc/arm-none-eabi/4.9.3/../../../../arm-none-eabi/lib/armv7-m/libstdc++_nano.a(locale-inst.o)
                0x00000000200000b0                guard variable for std::collate<char>::id
 .bss._ZGVNSt8messagesIcE2idE
                0x00000000200000b4        0x4 /usr/local/Cellar/arm-none-eabi-gcc/20150921/bin/../lib/gcc/arm-none-eabi/4.9.3/../../../../arm-none-eabi/lib/armv7-m/libstdc++_nano.a(locale-inst.o)
                0x00000000200000b4                guard variable for std::messages<char>::id
 .bss._ZGVNSt8time_getIcSt19istreambuf_iteratorIcSt11char_traitsIcEEE2idE
                0x00000000200000b8        0x4 /usr/local/Cellar/arm-none-eabi-gcc/20150921/bin/../lib/gcc/arm-none-eabi/4.9.3/../../../../arm-none-eabi/lib/armv7-m/libstdc++_nano.a(locale-inst.o)
                0x00000000200000b8                guard variable for std::time_get<char, std::istreambuf_iterator<char, std::char_traits<char> > >::id
 .bss._ZGVNSt8time_putIcSt19ostreambuf_iteratorIcSt11char_traitsIcEEE2idE
                0x00000000200000bc        0x4 /usr/local/Cellar/arm-none-eabi-gcc/20150921/bin/../lib/gcc/arm-none-eabi/4.9.3/../../../../arm-none-eabi/lib/armv7-m/libstdc++_nano.a(locale-inst.o)
                0x00000000200000bc                guard variable for std::time_put<char, std::ostreambuf_iterator<char, std::char_traits<char> > >::id
 .bss._ZGVNSt11__timepunctIcE2idE
                0x00000000200000c0        0x4 /usr/local/Cellar/arm-none-eabi-gcc/20150921/bin/../lib/gcc/arm-none-eabi/4.9.3/../../../../arm-none-eabi/lib/armv7-m/libstdc++_nano.a(locale-inst.o)
                0x00000000200000c0                guard variable for std::__timepunct<char>::id
 .bss._ZGVNSt7num_putIcSt19ostreambuf_iteratorIcSt11char_traitsIcEEE2idE
                0x00000000200000c4        0x4 /usr/local/Cellar/arm-none-eabi-gcc/20150921/bin/../lib/gcc/arm-none-eabi/4.9.3/../../../../arm-none-eabi/lib/armv7-m/libstdc++_nano.a(locale-inst.o)
                0x00000000200000c4                guard variable for std::num_put<char, std::ostreambuf_iterator<char, std::char_traits<char> > >::id
 .bss._ZGVNSt7num_getIcSt19istreambuf_iteratorIcSt11char_traitsIcEEE2idE
                0x00000000200000c8        0x4 /usr/local/Cellar/arm-none-eabi-gcc/20150921/bin/../lib/gcc/arm-none-eabi/4.9.3/../../../../arm-none-eabi/lib/armv7-m/libstdc++_nano.a(locale-inst.o)
                0x00000000200000c8                guard variable for std::num_get<char, std::istreambuf_iterator<char, std::char_traits<char> > >::id
 .bss._ZGVNSt8numpunctIcE2idE
                0x00000000200000cc        0x4 /usr/local/Cellar/arm-none-eabi-gcc/20150921/bin/../lib/gcc/arm-none-eabi/4.9.3/../../../../arm-none-eabi/lib/armv7-m/libstdc++_nano.a(locale-inst.o)
                0x00000000200000cc                guard variable for std::numpunct<char>::id
 .bss._ZGVNSt9money_putIcSt19ostreambuf_iteratorIcSt11char_traitsIcEEE2idE
                0x00000000200000d0        0x4 /usr/local/Cellar/arm-none-eabi-gcc/20150921/bin/../lib/gcc/arm-none-eabi/4.9.3/../../../../arm-none-eabi/lib/armv7-m/libstdc++_nano.a(locale-inst.o)
                0x00000000200000d0                guard variable for std::money_put<char, std::ostreambuf_iterator<char, std::char_traits<char> > >::id
 .bss._ZGVNSt9money_getIcSt19istreambuf_iteratorIcSt11char_traitsIcEEE2idE
                0x00000000200000d4        0x4 /usr/local/Cellar/arm-none-eabi-gcc/20150921/bin/../lib/gcc/arm-none-eabi/4.9.3/../../../../arm-none-eabi/lib/armv7-m/libstdc++_nano.a(locale-inst.o)
                0x00000000200000d4                guard variable for std::money_get<char, std::istreambuf_iterator<char, std::char_traits<char> > >::id
 .bss._ZGVNSt10moneypunctIcLb1EE2idE
                0x00000000200000d8        0x4 /usr/local/Cellar/arm-none-eabi-gcc/20150921/bin/../lib/gcc/arm-none-eabi/4.9.3/../../../../arm-none-eabi/lib/armv7-m/libstdc++_nano.a(locale-inst.o)
                0x00000000200000d8                guard variable for std::moneypunct<char, true>::id
 .bss._ZGVNSt10moneypunctIcLb0EE2idE
                0x00000000200000dc        0x4 /usr/local/Cellar/arm-none-eabi-gcc/20150921/bin/../lib/gcc/arm-none-eabi/4.9.3/../../../../arm-none-eabi/lib/armv7-m/libstdc++_nano.a(locale-inst.o)
                0x00000000200000dc                guard variable for std::moneypunct<char, false>::id
 .bss._ZGVNSt7collateIwE2idE
                0x00000000200000e0        0x4 /usr/local/Cellar/arm-none-eabi-gcc/20150921/bin/../lib/gcc/arm-none-eabi/4.9.3/../../../../arm-none-eabi/lib/armv7-m/libstdc++_nano.a(wlocale-inst.o)
                0x00000000200000e0                guard variable for std::collate<wchar_t>::id
 .bss._ZGVNSt8messagesIwE2idE
                0x00000000200000e4        0x4 /usr/local/Cellar/arm-none-eabi-gcc/20150921/bin/../lib/gcc/arm-none-eabi/4.9.3/../../../../arm-none-eabi/lib/armv7-m/libstdc++_nano.a(wlocale-inst.o)
                0x00000000200000e4                guard variable for std::messages<wchar_t>::id
 .bss._ZGVNSt8time_getIwSt19istreambuf_iteratorIwSt11char_traitsIwEEE2idE
                0x00000000200000e8        0x4 /usr/local/Cellar/arm-none-eabi-gcc/20150921/bin/../lib/gcc/arm-none-eabi/4.9.3/../../../../arm-none-eabi/lib/armv7-m/libstdc++_nano.a(wlocale-inst.o)
                0x00000000200000e8                guard variable for std::time_get<wchar_t, std::istreambuf_iterator<wchar_t, std::char_traits<wchar_t> > >::id
 .bss._ZGVNSt8time_putIwSt19ostreambuf_iteratorIwSt11char_traitsIwEEE2idE
                0x00000000200000ec        0x4 /usr/local/Cellar/arm-none-eabi-gcc/20150921/bin/../lib/gcc/arm-none-eabi/4.9.3/../../../../arm-none-eabi/lib/armv7-m/libstdc++_nano.a(wlocale-inst.o)
                0x00000000200000ec                guard variable for std::time_put<wchar_t, std::ostreambuf_iterator<wchar_t, std::char_traits<wchar_t> > >::id
 .bss._ZGVNSt11__timepunctIwE2idE
                0x00000000200000f0        0x4 /usr/local/Cellar/arm-none-eabi-gcc/20150921/bin/../lib/gcc/arm-none-eabi/4.9.3/../../../../arm-none-eabi/lib/armv7-m/libstdc++_nano.a(wlocale-inst.o)
                0x00000000200000f0                guard variable for std::__timepunct<wchar_t>::id
 .bss._ZGVNSt7num_putIwSt19ostreambuf_iteratorIwSt11char_traitsIwEEE2idE
                0x00000000200000f4        0x4 /usr/local/Cellar/arm-none-eabi-gcc/20150921/bin/../lib/gcc/arm-none-eabi/4.9.3/../../../../arm-none-eabi/lib/armv7-m/libstdc++_nano.a(wlocale-inst.o)
                0x00000000200000f4                guard variable for std::num_put<wchar_t, std::ostreambuf_iterator<wchar_t, std::char_traits<wchar_t> > >::id
 .bss._ZGVNSt7num_getIwSt19istreambuf_iteratorIwSt11char_traitsIwEEE2idE
                0x00000000200000f8        0x4 /usr/local/Cellar/arm-none-eabi-gcc/20150921/bin/../lib/gcc/arm-none-eabi/4.9.3/../../../../arm-none-eabi/lib/armv7-m/libstdc++_nano.a(wlocale-inst.o)
                0x00000000200000f8                guard variable for std::num_get<wchar_t, std::istreambuf_iterator<wchar_t, std::char_traits<wchar_t> > >::id
 .bss._ZGVNSt8numpunctIwE2idE
                0x00000000200000fc        0x4 /usr/local/Cellar/arm-none-eabi-gcc/20150921/bin/../lib/gcc/arm-none-eabi/4.9.3/../../../../arm-none-eabi/lib/armv7-m/libstdc++_nano.a(wlocale-inst.o)
                0x00000000200000fc                guard variable for std::numpunct<wchar_t>::id
 .bss._ZGVNSt9money_putIwSt19ostreambuf_iteratorIwSt11char_traitsIwEEE2idE
                0x0000000020000100        0x4 /usr/local/Cellar/arm-none-eabi-gcc/20150921/bin/../lib/gcc/arm-none-eabi/4.9.3/../../../../arm-none-eabi/lib/armv7-m/libstdc++_nano.a(wlocale-inst.o)
                0x0000000020000100                guard variable for std::money_put<wchar_t, std::ostreambuf_iterator<wchar_t, std::char_traits<wchar_t> > >::id
 .bss._ZGVNSt9money_getIwSt19istreambuf_iteratorIwSt11char_traitsIwEEE2idE
                0x0000000020000104        0x4 /usr/local/Cellar/arm-none-eabi-gcc/20150921/bin/../lib/gcc/arm-none-eabi/4.9.3/../../../../arm-none-eabi/lib/armv7-m/libstdc++_nano.a(wlocale-inst.o)
                0x0000000020000104                guard variable for std::money_get<wchar_t, std::istreambuf_iterator<wchar_t, std::char_traits<wchar_t> > >::id
 .bss._ZGVNSt10moneypunctIwLb1EE2idE
                0x0000000020000108        0x4 /usr/local/Cellar/arm-none-eabi-gcc/20150921/bin/../lib/gcc/arm-none-eabi/4.9.3/../../../../arm-none-eabi/lib/armv7-m/libstdc++_nano.a(wlocale-inst.o)
                0x0000000020000108                guard variable for std::moneypunct<wchar_t, true>::id
 .bss._ZGVNSt10moneypunctIwLb0EE2idE
                0x000000002000010c        0x4 /usr/local/Cellar/arm-none-eabi-gcc/20150921/bin/../lib/gcc/arm-none-eabi/4.9.3/../../../../arm-none-eabi/lib/armv7-m/libstdc++_nano.a(wlocale-inst.o)
                0x000000002000010c                guard variable for std::moneypunct<wchar_t, false>::id
 .bss._ZN12_GLOBAL__N_113__new_handlerE
                0x0000000020000110        0x4 /usr/local/Cellar/arm-none-eabi-gcc/20150921/bin/../lib/gcc/arm-none-eabi/4.9.3/../../../../arm-none-eabi/lib/armv7-m/libstdc++_nano.a(new_handler.o)
 .bss.__malloc_sbrk_start
                0x0000000020000114        0x4 /usr/local/Cellar/arm-none-eabi-gcc/20150921/bin/../lib/gcc/arm-none-eabi/4.9.3/../../../../arm-none-eabi/lib/armv7-m/libg_nano.a(lib_a-nano-mallocr.o)
                0x0000000020000114                __malloc_sbrk_start
 .bss.__malloc_free_list
                0x0000000020000118        0x4 /usr/local/Cellar/arm-none-eabi-gcc/20150921/bin/../lib/gcc/arm-none-eabi/4.9.3/../../../../arm-none-eabi/lib/armv7-m/libg_nano.a(lib_a-nano-mallocr.o)
                0x0000000020000118                __malloc_free_list
 *(COMMON)
 COMMON         0x000000002000011c        0x4 ./system/src/newlib/_syscalls.o
                0x000000002000011c                errno
 *(.bss_end .bss_end.*)
                0x0000000020000120                . = ALIGN (0x4)
                0x0000000020000120                __bss_end__ = .
                0x0000000020000120                _ebss = .

.noinit_CCMRAM
 *(.noinit.CCMRAM .noinit.CCMRAM.*)

.noinit         0x0000000020000120        0x0
                0x0000000020000120                _noinit = .
 *(.noinit .noinit.*)
                0x0000000020000120                . = ALIGN (0x4)
                0x0000000020000120                _end_noinit = .
                0x0000000020000120                PROVIDE (end, _end_noinit)
                0x0000000020000120                PROVIDE (_end, _end_noinit)
                0x0000000020000120                PROVIDE (__end, _end_noinit)
                0x0000000020000120                PROVIDE (__end__, _end_noinit)

._check_stack   0x0000000020000120      0x100
                0x0000000020000220                . = (. + _Minimum_Stack_Size)
 *fill*         0x0000000020000120      0x100 

.b1text
 *(.b1text)
 *(.b1rodata)
 *(.b1rodata.*)

.eb0text
 *(.eb0text)
 *(.eb0rodata)
 *(.eb0rodata.*)

.eb1text
 *(.eb1text)
 *(.eb1rodata)
 *(.eb1rodata.*)

.eb2text
 *(.eb2text)
 *(.eb2rodata)
 *(.eb2rodata.*)

.eb3text
 *(.eb3text)
 *(.eb3rodata)
 *(.eb3rodata.*)

.stab
 *(.stab)

.stabstr
 *(.stabstr)

.stab.excl
 *(.stab.excl)

.stab.exclstr
 *(.stab.exclstr)

.stab.index
 *(.stab.index)

.stab.indexstr
 *(.stab.indexstr)

.comment        0x0000000000000000       0x70
 *(.comment)
 .comment       0x0000000000000000       0x70 ./system/src/stm32f1-stdperiph/stm32f10x_gpio.o
                                         0x71 (size before relaxing)
 .comment       0x0000000000000000       0x71 ./system/src/stm32f1-stdperiph/stm32f10x_rcc.o
 .comment       0x0000000000000000       0x71 ./system/src/stm32f1-stdperiph/stm32f10x_spi.o
 .comment       0x0000000000000000       0x71 ./system/src/newlib/_exit.o
 .comment       0x0000000000000000       0x71 ./system/src/newlib/_sbrk.o
 .comment       0x0000000000000000       0x71 ./system/src/newlib/_startup.o
 .comment       0x0000000000000000       0x71 ./system/src/newlib/_syscalls.o
 .comment       0x0000000000000000       0x71 ./system/src/cortexm/_initialize_hardware.o
 .comment       0x0000000000000000       0x71 ./system/src/cortexm/_reset_hardware.o
 .comment       0x0000000000000000       0x71 ./system/src/cortexm/exception_handlers.o
 .comment       0x0000000000000000       0x71 ./system/src/cmsis/system_stm32f10x.o
 .comment       0x0000000000000000       0x71 ./system/src/cmsis/vectors_stm32f10x.o
 .comment       0x0000000000000000       0x71 ./src/main.o

.ARM.attributes
                0x0000000000000000       0x31
 .ARM.attributes
                0x0000000000000000       0x33 ./system/src/stm32f1-stdperiph/stm32f10x_gpio.o
 .ARM.attributes
                0x0000000000000033       0x33 ./system/src/stm32f1-stdperiph/stm32f10x_rcc.o
 .ARM.attributes
                0x0000000000000066       0x33 ./system/src/stm32f1-stdperiph/stm32f10x_spi.o
 .ARM.attributes
                0x0000000000000099       0x33 ./system/src/newlib/_exit.o
 .ARM.attributes
                0x00000000000000cc       0x33 ./system/src/newlib/_sbrk.o
 .ARM.attributes
                0x00000000000000ff       0x33 ./system/src/newlib/_startup.o
 .ARM.attributes
                0x0000000000000132       0x33 ./system/src/newlib/_syscalls.o
 .ARM.attributes
                0x0000000000000165       0x33 ./system/src/cortexm/_initialize_hardware.o
 .ARM.attributes
                0x0000000000000198       0x33 ./system/src/cortexm/_reset_hardware.o
 .ARM.attributes
                0x00000000000001cb       0x33 ./system/src/cortexm/exception_handlers.o
 .ARM.attributes
                0x00000000000001fe       0x33 ./system/src/cmsis/system_stm32f10x.o
 .ARM.attributes
                0x0000000000000231       0x33 ./system/src/cmsis/vectors_stm32f10x.o
 .ARM.attributes
                0x0000000000000264       0x33 ./src/main.o
 .ARM.attributes
                0x0000000000000297       0x2d /usr/local/Cellar/arm-none-eabi-gcc/20150921/bin/../lib/gcc/arm-none-eabi/4.9.3/../../../../arm-none-eabi/lib/armv7-m/libstdc++_nano.a(functexcept.o)
 .ARM.attributes
                0x00000000000002c4       0x2d /usr/local/Cellar/arm-none-eabi-gcc/20150921/bin/../lib/gcc/arm-none-eabi/4.9.3/../../../../arm-none-eabi/lib/armv7-m/libstdc++_nano.a(snprintf_lite.o)
 .ARM.attributes
                0x00000000000002f1       0x2d /usr/local/Cellar/arm-none-eabi-gcc/20150921/bin/../lib/gcc/arm-none-eabi/4.9.3/../../../../arm-none-eabi/lib/armv7-m/libstdc++_nano.a(string-inst.o)
 .ARM.attributes
                0x000000000000031e       0x2d /usr/local/Cellar/arm-none-eabi-gcc/20150921/bin/../lib/gcc/arm-none-eabi/4.9.3/../../../../arm-none-eabi/lib/armv7-m/libstdc++_nano.a(del_op.o)
 .ARM.attributes
                0x000000000000034b       0x2d /usr/local/Cellar/arm-none-eabi-gcc/20150921/bin/../lib/gcc/arm-none-eabi/4.9.3/../../../../arm-none-eabi/lib/armv7-m/libstdc++_nano.a(new_op.o)
 .ARM.attributes
                0x0000000000000378       0x2d /usr/local/Cellar/arm-none-eabi-gcc/20150921/bin/../lib/gcc/arm-none-eabi/4.9.3/../../../../arm-none-eabi/lib/armv7-m/libstdc++_nano.a(locale-inst.o)
 .ARM.attributes
                0x00000000000003a5       0x2d /usr/local/Cellar/arm-none-eabi-gcc/20150921/bin/../lib/gcc/arm-none-eabi/4.9.3/../../../../arm-none-eabi/lib/armv7-m/libstdc++_nano.a(locale_facets.o)
 .ARM.attributes
                0x00000000000003d2       0x2d /usr/local/Cellar/arm-none-eabi-gcc/20150921/bin/../lib/gcc/arm-none-eabi/4.9.3/../../../../arm-none-eabi/lib/armv7-m/libstdc++_nano.a(wlocale-inst.o)
 .ARM.attributes
                0x00000000000003ff       0x2d /usr/local/Cellar/arm-none-eabi-gcc/20150921/bin/../lib/gcc/arm-none-eabi/4.9.3/../../../../arm-none-eabi/lib/armv7-m/libstdc++_nano.a(new_handler.o)
 .ARM.attributes
                0x000000000000042c       0x1d /usr/local/Cellar/arm-none-eabi-gcc/20150921/bin/../lib/gcc/arm-none-eabi/4.9.3/armv7-m/libgcc.a(_aeabi_uldivmod.o)
 .ARM.attributes
                0x0000000000000449       0x2d /usr/local/Cellar/arm-none-eabi-gcc/20150921/bin/../lib/gcc/arm-none-eabi/4.9.3/armv7-m/libgcc.a(bpabi.o)
 .ARM.attributes
                0x0000000000000476       0x1d /usr/local/Cellar/arm-none-eabi-gcc/20150921/bin/../lib/gcc/arm-none-eabi/4.9.3/armv7-m/libgcc.a(_dvmd_tls.o)
 .ARM.attributes
                0x0000000000000493       0x2d /usr/local/Cellar/arm-none-eabi-gcc/20150921/bin/../lib/gcc/arm-none-eabi/4.9.3/armv7-m/libgcc.a(_divdi3.o)
 .ARM.attributes
                0x00000000000004c0       0x2d /usr/local/Cellar/arm-none-eabi-gcc/20150921/bin/../lib/gcc/arm-none-eabi/4.9.3/armv7-m/libgcc.a(_udivdi3.o)
 .ARM.attributes
                0x00000000000004ed       0x2d /usr/local/Cellar/arm-none-eabi-gcc/20150921/bin/../lib/gcc/arm-none-eabi/4.9.3/../../../../arm-none-eabi/lib/armv7-m/libg_nano.a(lib_a-errno.o)
 .ARM.attributes
                0x000000000000051a       0x2d /usr/local/Cellar/arm-none-eabi-gcc/20150921/bin/../lib/gcc/arm-none-eabi/4.9.3/../../../../arm-none-eabi/lib/armv7-m/libg_nano.a(lib_a-impure.o)
 .ARM.attributes
                0x0000000000000547       0x2d /usr/local/Cellar/arm-none-eabi-gcc/20150921/bin/../lib/gcc/arm-none-eabi/4.9.3/../../../../arm-none-eabi/lib/armv7-m/libg_nano.a(lib_a-malloc.o)
 .ARM.attributes
                0x0000000000000574       0x2d /usr/local/Cellar/arm-none-eabi-gcc/20150921/bin/../lib/gcc/arm-none-eabi/4.9.3/../../../../arm-none-eabi/lib/armv7-m/libg_nano.a(lib_a-memcpy.o)
 .ARM.attributes
                0x00000000000005a1       0x2d /usr/local/Cellar/arm-none-eabi-gcc/20150921/bin/../lib/gcc/arm-none-eabi/4.9.3/../../../../arm-none-eabi/lib/armv7-m/libg_nano.a(lib_a-memmove.o)
 .ARM.attributes
                0x00000000000005ce       0x2d /usr/local/Cellar/arm-none-eabi-gcc/20150921/bin/../lib/gcc/arm-none-eabi/4.9.3/../../../../arm-none-eabi/lib/armv7-m/libg_nano.a(lib_a-nano-freer.o)
 .ARM.attributes
                0x00000000000005fb       0x2d /usr/local/Cellar/arm-none-eabi-gcc/20150921/bin/../lib/gcc/arm-none-eabi/4.9.3/../../../../arm-none-eabi/lib/armv7-m/libg_nano.a(lib_a-nano-mallocr.o)
 .ARM.attributes
                0x0000000000000628       0x2d /usr/local/Cellar/arm-none-eabi-gcc/20150921/bin/../lib/gcc/arm-none-eabi/4.9.3/../../../../arm-none-eabi/lib/armv7-m/libg_nano.a(lib_a-sbrkr.o)
 .ARM.attributes
                0x0000000000000655       0x1b /usr/local/Cellar/arm-none-eabi-gcc/20150921/bin/../lib/gcc/arm-none-eabi/4.9.3/../../../../arm-none-eabi/lib/armv7-m/libg_nano.a(lib_a-strcmp.o)
 .ARM.attributes
                0x0000000000000670       0x2d /usr/local/Cellar/arm-none-eabi-gcc/20150921/bin/../lib/gcc/arm-none-eabi/4.9.3/../../../../arm-none-eabi/lib/armv7-m/libg_nano.a(lib_a-strlen.o)
 .ARM.attributes
                0x000000000000069d       0x2d /usr/local/Cellar/arm-none-eabi-gcc/20150921/bin/../lib/gcc/arm-none-eabi/4.9.3/../../../../arm-none-eabi/lib/armv7-m/libg_nano.a(lib_a-findfp.o)

.debug
 *(.debug)

.line
 *(.line)

.debug_srcinfo
 *(.debug_srcinfo)

.debug_sfnames
 *(.debug_sfnames)

.debug_aranges  0x0000000000000000      0x508
 *(.debug_aranges)
 .debug_aranges
                0x0000000000000000       0xa8 ./system/src/stm32f1-stdperiph/stm32f10x_gpio.o
 .debug_aranges
                0x00000000000000a8      0x118 ./system/src/stm32f1-stdperiph/stm32f10x_rcc.o
 .debug_aranges
                0x00000000000001c0       0xd0 ./system/src/stm32f1-stdperiph/stm32f10x_spi.o
 .debug_aranges
                0x0000000000000290       0x28 ./system/src/newlib/_exit.o
 .debug_aranges
                0x00000000000002b8       0x20 ./system/src/newlib/_sbrk.o
 .debug_aranges
                0x00000000000002d8       0x40 ./system/src/newlib/_startup.o
 .debug_aranges
                0x0000000000000318       0x30 ./system/src/newlib/_syscalls.o
 .debug_aranges
                0x0000000000000348       0x28 ./system/src/cortexm/_initialize_hardware.o
 .debug_aranges
                0x0000000000000370       0x20 ./system/src/cortexm/_reset_hardware.o
 .debug_aranges
                0x0000000000000390       0x80 ./system/src/cortexm/exception_handlers.o
 .debug_aranges
                0x0000000000000410       0x28 ./system/src/cmsis/system_stm32f10x.o
 .debug_aranges
                0x0000000000000438       0x20 ./system/src/cmsis/vectors_stm32f10x.o
 .debug_aranges
                0x0000000000000458       0xb0 ./src/main.o

.debug_pubnames
 *(.debug_pubnames)

.debug_info     0x0000000000000000     0xab56
 *(.debug_info .gnu.linkonce.wi.*)
 .debug_info    0x0000000000000000      0x7c7 ./system/src/stm32f1-stdperiph/stm32f10x_gpio.o
 .debug_info    0x00000000000007c7      0x899 ./system/src/stm32f1-stdperiph/stm32f10x_rcc.o
 .debug_info    0x0000000000001060      0x994 ./system/src/stm32f1-stdperiph/stm32f10x_spi.o
 .debug_info    0x00000000000019f4      0x100 ./system/src/newlib/_exit.o
 .debug_info    0x0000000000001af4      0x121 ./system/src/newlib/_sbrk.o
 .debug_info    0x0000000000001c15      0x413 ./system/src/newlib/_startup.o
 .debug_info    0x0000000000002028      0x1b8 ./system/src/newlib/_syscalls.o
 .debug_info    0x00000000000021e0      0x290 ./system/src/cortexm/_initialize_hardware.o
 .debug_info    0x0000000000002470      0x2aa ./system/src/cortexm/_reset_hardware.o
 .debug_info    0x000000000000271a      0x26f ./system/src/cortexm/exception_handlers.o
 .debug_info    0x0000000000002989      0x479 ./system/src/cmsis/system_stm32f10x.o
 .debug_info    0x0000000000002e02       0xcd ./system/src/cmsis/vectors_stm32f10x.o
 .debug_info    0x0000000000002ecf     0x7c87 ./src/main.o

.debug_abbrev   0x0000000000000000     0x18a6
 *(.debug_abbrev)
 .debug_abbrev  0x0000000000000000      0x1f5 ./system/src/stm32f1-stdperiph/stm32f10x_gpio.o
 .debug_abbrev  0x00000000000001f5      0x1e2 ./system/src/stm32f1-stdperiph/stm32f10x_rcc.o
 .debug_abbrev  0x00000000000003d7      0x1fc ./system/src/stm32f1-stdperiph/stm32f10x_spi.o
 .debug_abbrev  0x00000000000005d3       0xb8 ./system/src/newlib/_exit.o
 .debug_abbrev  0x000000000000068b       0xb8 ./system/src/newlib/_sbrk.o
 .debug_abbrev  0x0000000000000743      0x1ca ./system/src/newlib/_startup.o
 .debug_abbrev  0x000000000000090d       0xeb ./system/src/newlib/_syscalls.o
 .debug_abbrev  0x00000000000009f8       0xf5 ./system/src/cortexm/_initialize_hardware.o
 .debug_abbrev  0x0000000000000aed       0xe7 ./system/src/cortexm/_reset_hardware.o
 .debug_abbrev  0x0000000000000bd4       0xdc ./system/src/cortexm/exception_handlers.o
 .debug_abbrev  0x0000000000000cb0      0x16e ./system/src/cmsis/system_stm32f10x.o
 .debug_abbrev  0x0000000000000e1e       0x9a ./system/src/cmsis/vectors_stm32f10x.o
 .debug_abbrev  0x0000000000000eb8      0x9ee ./src/main.o

.debug_line     0x0000000000000000     0x25b4
 *(.debug_line)
 .debug_line    0x0000000000000000      0x2fb ./system/src/stm32f1-stdperiph/stm32f10x_gpio.o
 .debug_line    0x00000000000002fb      0x3c8 ./system/src/stm32f1-stdperiph/stm32f10x_rcc.o
 .debug_line    0x00000000000006c3      0x380 ./system/src/stm32f1-stdperiph/stm32f10x_spi.o
 .debug_line    0x0000000000000a43      0x122 ./system/src/newlib/_exit.o
 .debug_line    0x0000000000000b65       0xb6 ./system/src/newlib/_sbrk.o
 .debug_line    0x0000000000000c1b       0xfd ./system/src/newlib/_startup.o
 .debug_line    0x0000000000000d18      0x130 ./system/src/newlib/_syscalls.o
 .debug_line    0x0000000000000e48      0x10c ./system/src/cortexm/_initialize_hardware.o
 .debug_line    0x0000000000000f54      0x105 ./system/src/cortexm/_reset_hardware.o
 .debug_line    0x0000000000001059      0x1bf ./system/src/cortexm/exception_handlers.o
 .debug_line    0x0000000000001218      0x13e ./system/src/cmsis/system_stm32f10x.o
 .debug_line    0x0000000000001356       0x5d ./system/src/cmsis/vectors_stm32f10x.o
 .debug_line    0x00000000000013b3     0x1201 ./src/main.o

.debug_frame    0x0000000000000000     0x6080
 *(.debug_frame)
 .debug_frame   0x0000000000000000      0x170 ./system/src/stm32f1-stdperiph/stm32f10x_gpio.o
 .debug_frame   0x0000000000000170      0x220 ./system/src/stm32f1-stdperiph/stm32f10x_rcc.o
 .debug_frame   0x0000000000000390      0x1bc ./system/src/stm32f1-stdperiph/stm32f10x_spi.o
 .debug_frame   0x000000000000054c       0x40 ./system/src/newlib/_exit.o
 .debug_frame   0x000000000000058c       0x28 ./system/src/newlib/_sbrk.o
 .debug_frame   0x00000000000005b4       0x80 ./system/src/newlib/_startup.o
 .debug_frame   0x0000000000000634       0x50 ./system/src/newlib/_syscalls.o
 .debug_frame   0x0000000000000684       0x38 ./system/src/cortexm/_initialize_hardware.o
 .debug_frame   0x00000000000006bc       0x20 ./system/src/cortexm/_reset_hardware.o
 .debug_frame   0x00000000000006dc       0xe0 ./system/src/cortexm/exception_handlers.o
 .debug_frame   0x00000000000007bc       0x3c ./system/src/cmsis/system_stm32f10x.o
 .debug_frame   0x00000000000007f8       0x20 ./system/src/cmsis/vectors_stm32f10x.o
 .debug_frame   0x0000000000000818      0x270 ./src/main.o
 .debug_frame   0x0000000000000a88      0x1e8 /usr/local/Cellar/arm-none-eabi-gcc/20150921/bin/../lib/gcc/arm-none-eabi/4.9.3/../../../../arm-none-eabi/lib/armv7-m/libstdc++_nano.a(functexcept.o)
 .debug_frame   0x0000000000000c70       0x7c /usr/local/Cellar/arm-none-eabi-gcc/20150921/bin/../lib/gcc/arm-none-eabi/4.9.3/../../../../arm-none-eabi/lib/armv7-m/libstdc++_nano.a(snprintf_lite.o)
 .debug_frame   0x0000000000000cec     0x1150 /usr/local/Cellar/arm-none-eabi-gcc/20150921/bin/../lib/gcc/arm-none-eabi/4.9.3/../../../../arm-none-eabi/lib/armv7-m/libstdc++_nano.a(string-inst.o)
 .debug_frame   0x0000000000001e3c       0x20 /usr/local/Cellar/arm-none-eabi-gcc/20150921/bin/../lib/gcc/arm-none-eabi/4.9.3/../../../../arm-none-eabi/lib/armv7-m/libstdc++_nano.a(del_op.o)
 .debug_frame   0x0000000000001e5c       0x28 /usr/local/Cellar/arm-none-eabi-gcc/20150921/bin/../lib/gcc/arm-none-eabi/4.9.3/../../../../arm-none-eabi/lib/armv7-m/libstdc++_nano.a(new_op.o)
 .debug_frame   0x0000000000001e84     0x1f34 /usr/local/Cellar/arm-none-eabi-gcc/20150921/bin/../lib/gcc/arm-none-eabi/4.9.3/../../../../arm-none-eabi/lib/armv7-m/libstdc++_nano.a(locale-inst.o)
 .debug_frame   0x0000000000003db8       0x44 /usr/local/Cellar/arm-none-eabi-gcc/20150921/bin/../lib/gcc/arm-none-eabi/4.9.3/../../../../arm-none-eabi/lib/armv7-m/libstdc++_nano.a(locale_facets.o)
 .debug_frame   0x0000000000003dfc     0x1f10 /usr/local/Cellar/arm-none-eabi-gcc/20150921/bin/../lib/gcc/arm-none-eabi/4.9.3/../../../../arm-none-eabi/lib/armv7-m/libstdc++_nano.a(wlocale-inst.o)
 .debug_frame   0x0000000000005d0c       0x30 /usr/local/Cellar/arm-none-eabi-gcc/20150921/bin/../lib/gcc/arm-none-eabi/4.9.3/../../../../arm-none-eabi/lib/armv7-m/libstdc++_nano.a(new_handler.o)
 .debug_frame   0x0000000000005d3c       0x28 /usr/local/Cellar/arm-none-eabi-gcc/20150921/bin/../lib/gcc/arm-none-eabi/4.9.3/armv7-m/libgcc.a(_aeabi_uldivmod.o)
 .debug_frame   0x0000000000005d64       0x54 /usr/local/Cellar/arm-none-eabi-gcc/20150921/bin/../lib/gcc/arm-none-eabi/4.9.3/armv7-m/libgcc.a(bpabi.o)
 .debug_frame   0x0000000000005db8       0x34 /usr/local/Cellar/arm-none-eabi-gcc/20150921/bin/../lib/gcc/arm-none-eabi/4.9.3/armv7-m/libgcc.a(_divdi3.o)
 .debug_frame   0x0000000000005dec       0x34 /usr/local/Cellar/arm-none-eabi-gcc/20150921/bin/../lib/gcc/arm-none-eabi/4.9.3/armv7-m/libgcc.a(_udivdi3.o)
 .debug_frame   0x0000000000005e20       0x20 /usr/local/Cellar/arm-none-eabi-gcc/20150921/bin/../lib/gcc/arm-none-eabi/4.9.3/../../../../arm-none-eabi/lib/armv7-m/libg_nano.a(lib_a-errno.o)
 .debug_frame   0x0000000000005e40       0x30 /usr/local/Cellar/arm-none-eabi-gcc/20150921/bin/../lib/gcc/arm-none-eabi/4.9.3/../../../../arm-none-eabi/lib/armv7-m/libg_nano.a(lib_a-malloc.o)
 .debug_frame   0x0000000000005e70       0x28 /usr/local/Cellar/arm-none-eabi-gcc/20150921/bin/../lib/gcc/arm-none-eabi/4.9.3/../../../../arm-none-eabi/lib/armv7-m/libg_nano.a(lib_a-memcpy.o)
 .debug_frame   0x0000000000005e98       0x28 /usr/local/Cellar/arm-none-eabi-gcc/20150921/bin/../lib/gcc/arm-none-eabi/4.9.3/../../../../arm-none-eabi/lib/armv7-m/libg_nano.a(lib_a-memmove.o)
 .debug_frame   0x0000000000005ec0       0x2c /usr/local/Cellar/arm-none-eabi-gcc/20150921/bin/../lib/gcc/arm-none-eabi/4.9.3/../../../../arm-none-eabi/lib/armv7-m/libg_nano.a(lib_a-nano-freer.o)
 .debug_frame   0x0000000000005eec       0x2c /usr/local/Cellar/arm-none-eabi-gcc/20150921/bin/../lib/gcc/arm-none-eabi/4.9.3/../../../../arm-none-eabi/lib/armv7-m/libg_nano.a(lib_a-nano-mallocr.o)
 .debug_frame   0x0000000000005f18       0x2c /usr/local/Cellar/arm-none-eabi-gcc/20150921/bin/../lib/gcc/arm-none-eabi/4.9.3/../../../../arm-none-eabi/lib/armv7-m/libg_nano.a(lib_a-sbrkr.o)
 .debug_frame   0x0000000000005f44       0x20 /usr/local/Cellar/arm-none-eabi-gcc/20150921/bin/../lib/gcc/arm-none-eabi/4.9.3/../../../../arm-none-eabi/lib/armv7-m/libg_nano.a(lib_a-strlen.o)
 .debug_frame   0x0000000000005f64      0x11c /usr/local/Cellar/arm-none-eabi-gcc/20150921/bin/../lib/gcc/arm-none-eabi/4.9.3/../../../../arm-none-eabi/lib/armv7-m/libg_nano.a(lib_a-findfp.o)

.debug_str      0x0000000000000000     0x3dd8
 *(.debug_str)
 .debug_str     0x0000000000000000      0x4dc ./system/src/stm32f1-stdperiph/stm32f10x_gpio.o
                                        0x583 (size before relaxing)
 .debug_str     0x00000000000004dc      0x425 ./system/src/stm32f1-stdperiph/stm32f10x_rcc.o
                                        0x66d (size before relaxing)
 .debug_str     0x0000000000000901      0x3a6 ./system/src/stm32f1-stdperiph/stm32f10x_spi.o
                                        0x690 (size before relaxing)
 .debug_str     0x0000000000000ca7       0x56 ./system/src/newlib/_exit.o
                                        0x1ea (size before relaxing)
 .debug_str     0x0000000000000cfd       0x77 ./system/src/newlib/_sbrk.o
                                        0x217 (size before relaxing)
 .debug_str     0x0000000000000d74      0x16d ./system/src/newlib/_startup.o
                                        0x32f (size before relaxing)
 .debug_str     0x0000000000000ee1       0x52 ./system/src/newlib/_syscalls.o
                                        0x217 (size before relaxing)
 .debug_str     0x0000000000000f33       0xa9 ./system/src/cortexm/_initialize_hardware.o
                                        0x2a3 (size before relaxing)
 .debug_str     0x0000000000000fdc       0x45 ./system/src/cortexm/_reset_hardware.o
                                        0x269 (size before relaxing)
 .debug_str     0x0000000000001021      0x12a ./system/src/cortexm/exception_handlers.o
                                        0x2e8 (size before relaxing)
 .debug_str     0x000000000000114b       0x77 ./system/src/cmsis/system_stm32f10x.o
                                        0x337 (size before relaxing)
 .debug_str     0x00000000000011c2       0x57 ./system/src/cmsis/vectors_stm32f10x.o
                                        0x1e6 (size before relaxing)
 .debug_str     0x0000000000001219     0x2bbf ./src/main.o
                                       0x3300 (size before relaxing)

.debug_loc      0x0000000000000000     0x4000
 *(.debug_loc)
 .debug_loc     0x0000000000000000      0x512 ./system/src/stm32f1-stdperiph/stm32f10x_gpio.o
 .debug_loc     0x0000000000000512      0x676 ./system/src/stm32f1-stdperiph/stm32f10x_rcc.o
 .debug_loc     0x0000000000000b88      0x5f0 ./system/src/stm32f1-stdperiph/stm32f10x_spi.o
 .debug_loc     0x0000000000001178       0x21 ./system/src/newlib/_exit.o
 .debug_loc     0x0000000000001199       0x92 ./system/src/newlib/_sbrk.o
 .debug_loc     0x000000000000122b      0x234 ./system/src/newlib/_startup.o
 .debug_loc     0x000000000000145f       0x63 ./system/src/newlib/_syscalls.o
 .debug_loc     0x00000000000014c2       0x99 ./system/src/cmsis/system_stm32f10x.o
 .debug_loc     0x000000000000155b     0x2aa5 ./src/main.o

.debug_macinfo
 *(.debug_macinfo)

.debug_weaknames
 *(.debug_weaknames)

.debug_funcnames
 *(.debug_funcnames)

.debug_typenames
 *(.debug_typenames)

.debug_varnames
 *(.debug_varnames)
OUTPUT(stm32_ft800.elf elf32-littlearm)

.debug_ranges   0x0000000000000000     0x11b8
 .debug_ranges  0x0000000000000000       0x98 ./system/src/stm32f1-stdperiph/stm32f10x_gpio.o
 .debug_ranges  0x0000000000000098      0x108 ./system/src/stm32f1-stdperiph/stm32f10x_rcc.o
 .debug_ranges  0x00000000000001a0       0xc0 ./system/src/stm32f1-stdperiph/stm32f10x_spi.o
 .debug_ranges  0x0000000000000260       0x18 ./system/src/newlib/_exit.o
 .debug_ranges  0x0000000000000278       0x10 ./system/src/newlib/_sbrk.o
 .debug_ranges  0x0000000000000288       0x48 ./system/src/newlib/_startup.o
 .debug_ranges  0x00000000000002d0       0x20 ./system/src/newlib/_syscalls.o
 .debug_ranges  0x00000000000002f0       0x18 ./system/src/cortexm/_initialize_hardware.o
 .debug_ranges  0x0000000000000308       0x10 ./system/src/cortexm/_reset_hardware.o
 .debug_ranges  0x0000000000000318       0x70 ./system/src/cortexm/exception_handlers.o
 .debug_ranges  0x0000000000000388       0x30 ./system/src/cmsis/system_stm32f10x.o
 .debug_ranges  0x00000000000003b8       0x10 ./system/src/cmsis/vectors_stm32f10x.o
 .debug_ranges  0x00000000000003c8      0xdf0 ./src/main.o
